Processing: 000_baseline.sql
ERROR:  extension "postgis" is not available
ERROR:  column "buddyup_name" does not exist
ERROR:  relation "buddy_connections" does not exist
ERROR:  column r.size does not exist
ERROR:  relation "buddy_connections" does not exist
ERROR:  relation "buddy_connections" does not exist
ERROR:  relation "buddy_connection_members" does not exist
ERROR:  relation "buddy_connection_members" does not exist
ERROR:  relation "buddy_connection_members" does not exist
ERROR:  relation "buddy_connections" does not exist
Processing: 010_data.sql
INSERT 0 4
INSERT 0 4
INSERT 0 0
INSERT 0 1
INSERT 0 4
INSERT 0 0
INSERT 0 3
INSERT 0 3
INSERT 0 3
INSERT 0 5
